// Jest Snapshot v1, https://goo.gl/fbAQLP

exports[`site header first preview has all expected elements 1`] = `"Github Actions for Dependabot PRs"`;

exports[`site header first preview has all expected elements 2`] = `"Let's learn how to extend existent Pull Request Update GitHub Actions workflow with steps specific for Dependabot pull requests (i.e. labels). We will add two jobs to the existent pull_request workflow and experiment with separate before and after workflow_run event workflows. Fortunately, after the recent GitHub actions update we don't need to use a separate pull_request_target event workflow as a workaround."`;

exports[`site header first preview has all expected elements 3`] = `"Dec 07, 2021"`;

exports[`site header first preview has all expected elements 4`] = `"4 min read"`;

exports[`site header post link click works on excerpt 1`] = `"/posts/2021/dependabot-pull-request-github-actions/"`;

exports[`site header post link click works on image 1`] = `"/posts/2021/dependabot-pull-request-github-actions/"`;

exports[`site header post link click works on title 1`] = `"/posts/2021/dependabot-pull-request-github-actions/"`;
